// Jest Snapshot v1, https://goo.gl/fbAQLP

exports[`matches snapshot 1`] = `
<div
  className="countries"
  data-testid="Countries"
>
  Search for a country
</div>
`;
