// Jest Snapshot v1, https://goo.gl/fbAQLP

exports[`it matches snapshot 1`] = `
<div
  className="filter"
>
  find countries 
  <input
    data-testid="Filter"
    onChange={[MockFunction]}
  />
</div>
`;
